Copyright 1986-2020 Xilinx, Inc. All Rights Reserved.
-------------------------------------------------------------------------------------------------
| Tool Version : Vivado v.2020.1 (lin64) Build 2902540 Wed May 27 19:54:35 MDT 2020
| Date         : Sat May 22 01:05:09 2021
| Host         : localhost.localdomain running 64-bit unknown
| Command      : report_utilization -file top_utilization_synth.rpt -pb top_utilization_synth.pb
| Design       : top
| Device       : 7k325tffg900-2
| Design State : Synthesized
-------------------------------------------------------------------------------------------------

Utilization Design Information

Table of Contents
-----------------
1. Slice Logic
1.1 Summary of Registers by Type
2. Memory
3. DSP
4. IO and GT Specific
5. Clocking
6. Specific Feature
7. Primitives
8. Black Boxes
9. Instantiated Netlists

1. Slice Logic
--------------

+----------------------------+-------+-------+-----------+-------+
|          Site Type         |  Used | Fixed | Available | Util% |
+----------------------------+-------+-------+-----------+-------+
| Slice LUTs*                | 17297 |     0 |    203800 |  8.49 |
|   LUT as Logic             | 17216 |     0 |    203800 |  8.45 |
|   LUT as Memory            |    81 |     0 |     64000 |  0.13 |
|     LUT as Distributed RAM |     8 |     0 |           |       |
|     LUT as Shift Register  |    73 |     0 |           |       |
| Slice Registers            | 26856 |     3 |    407600 |  6.59 |
|   Register as Flip Flop    | 26821 |     3 |    407600 |  6.58 |
|   Register as Latch        |    35 |     0 |    407600 | <0.01 |
| F7 Muxes                   |   622 |     0 |    101900 |  0.61 |
| F8 Muxes                   |   241 |     0 |     50950 |  0.47 |
+----------------------------+-------+-------+-----------+-------+
* Warning! The Final LUT count, after physical optimizations and full implementation, is typically lower. Run opt_design after synthesis, if not already completed, for a more realistic count.


1.1 Summary of Registers by Type
--------------------------------

+-------+--------------+-------------+--------------+
| Total | Clock Enable | Synchronous | Asynchronous |
+-------+--------------+-------------+--------------+
| 0     |            _ |           - |            - |
| 0     |            _ |           - |          Set |
| 0     |            _ |           - |        Reset |
| 0     |            _ |         Set |            - |
| 0     |            _ |       Reset |            - |
| 0     |          Yes |           - |            - |
| 224   |          Yes |           - |          Set |
| 1626  |          Yes |           - |        Reset |
| 353   |          Yes |         Set |            - |
| 24653 |          Yes |       Reset |            - |
+-------+--------------+-------------+--------------+


2. Memory
---------

+-------------------+------+-------+-----------+-------+
|     Site Type     | Used | Fixed | Available | Util% |
+-------------------+------+-------+-----------+-------+
| Block RAM Tile    |   20 |     0 |       445 |  4.49 |
|   RAMB36/FIFO*    |   17 |     0 |       445 |  3.82 |
|     RAMB36E1 only |   17 |       |           |       |
|   RAMB18          |    6 |     0 |       890 |  0.67 |
|     RAMB18E1 only |    6 |       |           |       |
+-------------------+------+-------+-----------+-------+
* Note: Each Block RAM Tile only has one FIFO logic available and therefore can accommodate only one FIFO36E1 or one FIFO18E1. However, if a FIFO18E1 occupies a Block RAM Tile, that tile can still accommodate a RAMB18E1


3. DSP
------

+-----------+------+-------+-----------+-------+
| Site Type | Used | Fixed | Available | Util% |
+-----------+------+-------+-----------+-------+
| DSPs      |    0 |     0 |       840 |  0.00 |
+-----------+------+-------+-----------+-------+


4. IO and GT Specific
---------------------

+-----------------------------+------+-------+-----------+-------+
|          Site Type          | Used | Fixed | Available | Util% |
+-----------------------------+------+-------+-----------+-------+
| Bonded IOB                  |  209 |     0 |       500 | 41.80 |
| Bonded IPADs                |    0 |     0 |        50 |  0.00 |
| Bonded OPADs                |    0 |     0 |        32 |  0.00 |
| PHY_CONTROL                 |    0 |     0 |        10 |  0.00 |
| PHASER_REF                  |    0 |     0 |        10 |  0.00 |
| OUT_FIFO                    |    0 |     0 |        40 |  0.00 |
| IN_FIFO                     |    0 |     0 |        40 |  0.00 |
| IDELAYCTRL                  |    0 |     0 |        10 |  0.00 |
| IBUFDS                      |   85 |     0 |       480 | 17.71 |
| GTXE2_COMMON                |    0 |     0 |         4 |  0.00 |
| GTXE2_CHANNEL               |    0 |     0 |        16 |  0.00 |
| PHASER_OUT/PHASER_OUT_PHY   |    0 |     0 |        40 |  0.00 |
| PHASER_IN/PHASER_IN_PHY     |    0 |     0 |        40 |  0.00 |
| IDELAYE2/IDELAYE2_FINEDELAY |    0 |     0 |       500 |  0.00 |
| ODELAYE2/ODELAYE2_FINEDELAY |    0 |     0 |       150 |  0.00 |
| IBUFDS_GTE2                 |    0 |     0 |         8 |  0.00 |
| ILOGIC                      |    0 |     0 |       500 |  0.00 |
| OLOGIC                      |    1 |     0 |       500 |  0.20 |
|   ODDR                      |    1 |       |           |       |
+-----------------------------+------+-------+-----------+-------+


5. Clocking
-----------

+------------+------+-------+-----------+-------+
|  Site Type | Used | Fixed | Available | Util% |
+------------+------+-------+-----------+-------+
| BUFGCTRL   |    5 |     0 |        32 | 15.63 |
| BUFIO      |    0 |     0 |        40 |  0.00 |
| MMCME2_ADV |    0 |     0 |        10 |  0.00 |
| PLLE2_ADV  |    2 |     0 |        10 | 20.00 |
| BUFMRCE    |    0 |     0 |        20 |  0.00 |
| BUFHCE     |    0 |     0 |       168 |  0.00 |
| BUFR       |    0 |     0 |        40 |  0.00 |
+------------+------+-------+-----------+-------+


6. Specific Feature
-------------------

+-------------+------+-------+-----------+-------+
|  Site Type  | Used | Fixed | Available | Util% |
+-------------+------+-------+-----------+-------+
| BSCANE2     |    0 |     0 |         4 |  0.00 |
| CAPTUREE2   |    0 |     0 |         1 |  0.00 |
| DNA_PORT    |    0 |     0 |         1 |  0.00 |
| EFUSE_USR   |    0 |     0 |         1 |  0.00 |
| FRAME_ECCE2 |    0 |     0 |         1 |  0.00 |
| ICAPE2      |    0 |     0 |         2 |  0.00 |
| PCIE_2_1    |    0 |     0 |         1 |  0.00 |
| STARTUPE2   |    0 |     0 |         1 |  0.00 |
| XADC        |    0 |     0 |         1 |  0.00 |
+-------------+------+-------+-----------+-------+


7. Primitives
-------------

+-----------+-------+---------------------+
|  Ref Name |  Used | Functional Category |
+-----------+-------+---------------------+
| FDRE      | 24653 |        Flop & Latch |
| LUT3      |  7225 |                 LUT |
| LUT2      |  6375 |                 LUT |
| LUT6      |  3666 |                 LUT |
| LUT5      |  1833 |                 LUT |
| LUT4      |  1647 |                 LUT |
| FDCE      |  1591 |        Flop & Latch |
| CARRY4    |  1284 |          CarryLogic |
| LUT1      |   963 |                 LUT |
| MUXF7     |   622 |               MuxFx |
| FDSE      |   353 |        Flop & Latch |
| MUXF8     |   241 |               MuxFx |
| FDPE      |   224 |        Flop & Latch |
| IBUFDS    |    85 |                  IO |
| SRLC16E   |    71 |  Distributed Memory |
| LDCE      |    35 |        Flop & Latch |
| IBUF      |    21 |                  IO |
| OBUF      |    18 |                  IO |
| RAMB36E1  |    17 |        Block Memory |
| RAMS32    |     8 |  Distributed Memory |
| RAMB18E1  |     6 |        Block Memory |
| BUFG      |     5 |               Clock |
| SRL16E    |     2 |  Distributed Memory |
| PLLE2_ADV |     2 |               Clock |
| OBUFT     |     2 |                  IO |
| PULLUP    |     1 |                 I/O |
| ODDR      |     1 |                  IO |
+-----------+-------+---------------------+


8. Black Boxes
--------------

+---------------+------+
|    Ref Name   | Used |
+---------------+------+
| bram_2byte_2K |  222 |
| shift_ram_hit |   82 |
+---------------+------+


9. Instantiated Netlists
------------------------

+-------------------------+------+
|         Ref Name        | Used |
+-------------------------+------+
| SiTCP_XC7K_32K_BBT_V110 |    1 |
+-------------------------+------+


